2026-10-01 11:54:26,319 - aqt.main - INFO - installer 139996105664384 aqtinstall(aqt) v3.3.0 on Python 3.13.5 [CPython GCC 14.2.0]
2026-10-01 11:54:26,320 - aqt.helper - DEBUG - helper 139996105664384 Attempt to download checksum at https://download.qt.io/online/qtsdkrepository/linux_x64/desktop/qt6_683/qt6_683/Updates.xml.sha256
2026-10-01 11:54:27,737 - aqt.helper - DEBUG - helper 139996105664384 Attempt to download checksum at https://download.qt.io/online/qtsdkrepository/linux_x64/extensions/qtwebengine/683/x86_64/Updates.xml.sha256
2026-10-01 11:54:29,742 - aqt.archives - INFO - archives 139996105664384 Found extension qtwebengine
2026-10-01 11:54:29,742 - aqt.helper - DEBUG - helper 139996105664384 Attempt to download checksum at https://download.qt.io/online/qtsdkrepository/linux_x64/extensions/qtpdf/683/x86_64/Updates.xml.sha256
2026-10-01 11:54:31,110 - aqt.archives - INFO - archives 139996105664384 Found extension qtpdf
2026-10-01 11:54:31,131 - aqt.main - ERROR - installer 139996105664384 The packages ['qt_base'] were not found while parsing XML of package information!
==============================Suggested follow-up:==============================
* Please use 'aqt list-qt linux desktop --arch 6.8.3' to show architectures available.
2026-10-01 11:54:57,753 - aqt.main - INFO - installer 140516126467968 aqtinstall(aqt) v3.3.0 on Python 3.13.5 [CPython GCC 14.2.0]
2026-10-01 11:54:57,754 - aqt.helper - DEBUG - helper 140516126467968 Attempt to download checksum at https://download.qt.io/online/qtsdkrepository/windows_x86/desktop/qt6_683/qt6_683/Updates.xml.sha256
2026-10-01 11:54:59,410 - aqt.helper - DEBUG - helper 140516126467968 Attempt to download checksum at https://download.qt.io/online/qtsdkrepository/windows_x86/extensions/qtwebengine/683/mingw/Updates.xml.sha256
2026-10-01 11:55:00,067 - aqt.helper - DEBUG - helper 140516126467968 Attempt to download checksum at https://download.qt.io/online/qtsdkrepository/windows_x86/extensions/qtwebengine/683/mingw/Updates.xml.sha256
2026-10-01 11:55:00,727 - aqt.helper - DEBUG - helper 140516126467968 Attempt to download checksum at https://download.qt.io/online/qtsdkrepository/windows_x86/extensions/qtwebengine/683/mingw/Updates.xml.sha256
2026-10-01 11:55:01,383 - aqt.helper - DEBUG - helper 140516126467968 Attempt to download checksum at https://download.qt.io/online/qtsdkrepository/windows_x86/extensions/qtwebengine/683/mingw/Updates.xml.sha256
2026-10-01 11:55:02,033 - aqt.helper - DEBUG - helper 140516126467968 Attempt to download checksum at https://download.qt.io/online/qtsdkrepository/windows_x86/extensions/qtwebengine/683/mingw/Updates.xml.sha256
2026-10-01 11:55:02,690 - aqt.helper - DEBUG - helper 140516126467968 Attempt to download checksum at https://download.qt.io/online/qtsdkrepository/windows_x86/extensions/qtpdf/683/mingw/Updates.xml.sha256
2026-10-01 11:55:05,190 - aqt.archives - INFO - archives 140516126467968 Found extension qtpdf
2026-10-01 11:55:07,770 - aqt.helper - DEBUG - helper 140600698288000 Attempt to download checksum at https://download.qt.io/online/qtsdkrepository/windows_x86/desktop/qt6_683/qt6_683/qt.qt6.683.win64_mingw/6.8.3-0-202503201308qtbase-Windows-Windows_10_22H2-Mingw-Windows-Windows_10_22H2-X86_64.7z.sha256
2026-10-01 11:55:07,796 - aqt.helper - DEBUG - helper 139770873186176 Attempt to download checksum at https://download.qt.io/online/qtsdkrepository/windows_x86/desktop/qt6_683/qt6_683/qt.qt6.683.win64_mingw/6.8.3-0-202503201308qtsvg-Windows-Windows_10_22H2-Mingw-Windows-Windows_10_22H2-X86_64.7z.sha256
2026-10-01 11:55:07,805 - aqt.helper - DEBUG - helper 140266757973888 Attempt to download checksum at https://download.qt.io/online/qtsdkrepository/windows_x86/desktop/qt6_683/qt6_683/qt.qt6.683.win64_mingw/6.8.3-0-202503201308qtdeclarative-Windows-Windows_10_22H2-Mingw-Windows-Windows_10_22H2-X86_64.7z.sha256
2026-10-01 11:55:07,817 - aqt.helper - DEBUG - helper 139829330655104 Attempt to download checksum at https://download.qt.io/online/qtsdkrepository/windows_x86/desktop/qt6_683/qt6_683/qt.qt6.683.win64_mingw/6.8.3-0-202503201308qttools-Windows-Windows_10_22H2-Mingw-Windows-Windows_10_22H2-X86_64.7z.sha256
2026-10-01 11:55:08,424 - aqt.helper - INFO - helper 140600698288000 Downloading qtbase...
2026-10-01 11:55:08,424 - aqt.installer - DEBUG - installer 140600698288000 Download URL: https://download.qt.io/online/qtsdkrepository/windows_x86/desktop/qt6_683/qt6_683/qt.qt6.683.win64_mingw/6.8.3-0-202503201308qtbase-Windows-Windows_10_22H2-Mingw-Windows-Windows_10_22H2-X86_64.7z
2026-10-01 11:55:08,453 - aqt.helper - INFO - helper 140266757973888 Downloading qtdeclarative...
2026-10-01 11:55:08,453 - aqt.helper - INFO - helper 139770873186176 Downloading qtsvg...
2026-10-01 11:55:08,454 - aqt.installer - DEBUG - installer 140266757973888 Download URL: https://download.qt.io/online/qtsdkrepository/windows_x86/desktop/qt6_683/qt6_683/qt.qt6.683.win64_mingw/6.8.3-0-202503201308qtdeclarative-Windows-Windows_10_22H2-Mingw-Windows-Windows_10_22H2-X86_64.7z
2026-10-01 11:55:08,454 - aqt.installer - DEBUG - installer 139770873186176 Download URL: https://download.qt.io/online/qtsdkrepository/windows_x86/desktop/qt6_683/qt6_683/qt.qt6.683.win64_mingw/6.8.3-0-202503201308qtsvg-Windows-Windows_10_22H2-Mingw-Windows-Windows_10_22H2-X86_64.7z
2026-10-01 11:55:08,463 - aqt.helper - INFO - helper 139829330655104 Downloading qttools...
2026-10-01 11:55:08,464 - aqt.installer - DEBUG - installer 139829330655104 Download URL: https://download.qt.io/online/qtsdkrepository/windows_x86/desktop/qt6_683/qt6_683/qt.qt6.683.win64_mingw/6.8.3-0-202503201308qttools-Windows-Windows_10_22H2-Mingw-Windows-Windows_10_22H2-X86_64.7z
2026-10-01 11:55:09,107 - aqt.helper - DEBUG - helper 140600698288000 Asked to redirect(302) to: https://qt.mirror.constant.com/online/qtsdkrepository/windows_x86/desktop/qt6_683/qt6_683/qt.qt6.683.win64_mingw/6.8.3-0-202503201308qtbase-Windows-Windows_10_22H2-Mingw-Windows-Windows_10_22H2-X86_64.7z
2026-10-01 11:55:09,108 - aqt.helper - INFO - helper 140600698288000 Redirected: qt.mirror.constant.com
2026-10-01 11:55:09,110 - aqt.helper - DEBUG - helper 139770873186176 Asked to redirect(302) to: https://qt.mirror.constant.com/online/qtsdkrepository/windows_x86/desktop/qt6_683/qt6_683/qt.qt6.683.win64_mingw/6.8.3-0-202503201308qtsvg-Windows-Windows_10_22H2-Mingw-Windows-Windows_10_22H2-X86_64.7z
2026-10-01 11:55:09,110 - aqt.helper - INFO - helper 139770873186176 Redirected: qt.mirror.constant.com
2026-10-01 11:55:09,117 - aqt.helper - DEBUG - helper 139829330655104 Asked to redirect(302) to: https://qt.mirror.constant.com/online/qtsdkrepository/windows_x86/desktop/qt6_683/qt6_683/qt.qt6.683.win64_mingw/6.8.3-0-202503201308qttools-Windows-Windows_10_22H2-Mingw-Windows-Windows_10_22H2-X86_64.7z
2026-10-01 11:55:09,118 - aqt.helper - INFO - helper 139829330655104 Redirected: qt.mirror.constant.com
2026-10-01 11:55:09,176 - aqt.helper - DEBUG - helper 140266757973888 Asked to redirect(302) to: https://qt.mirror.constant.com/online/qtsdkrepository/windows_x86/desktop/qt6_683/qt6_683/qt.qt6.683.win64_mingw/6.8.3-0-202503201308qtdeclarative-Windows-Windows_10_22H2-Mingw-Windows-Windows_10_22H2-X86_64.7z
2026-10-01 11:55:09,176 - aqt.helper - INFO - helper 140266757973888 Redirected: qt.mirror.constant.com
2026-10-01 11:55:09,890 - aqt.installer - INFO - installer 139770873186176 Finished installation of qtsvg-Windows-Windows_10_22H2-Mingw-Windows-Windows_10_22H2-X86_64.7z in 2.10415699
2026-10-01 11:55:09,923 - aqt.helper - DEBUG - helper 139770873186176 Attempt to download checksum at https://download.qt.io/online/qtsdkrepository/windows_x86/desktop/qt6_683/qt6_683/qt.qt6.683.win64_mingw/6.8.3-0-202503201308qttranslations-Windows-Windows_10_22H2-Mingw-Windows-Windows_10_22H2-X86_64.7z.sha256
2026-10-01 11:55:10,609 - aqt.helper - INFO - helper 139770873186176 Downloading qttranslations...
2026-10-01 11:55:10,609 - aqt.installer - DEBUG - installer 139770873186176 Download URL: https://download.qt.io/online/qtsdkrepository/windows_x86/desktop/qt6_683/qt6_683/qt.qt6.683.win64_mingw/6.8.3-0-202503201308qttranslations-Windows-Windows_10_22H2-Mingw-Windows-Windows_10_22H2-X86_64.7z
2026-10-01 11:55:18,078 - aqt.helper - DEBUG - helper 139770873186176 Asked to redirect(302) to: https://qt.mirror.constant.com/online/qtsdkrepository/windows_x86/desktop/qt6_683/qt6_683/qt.qt6.683.win64_mingw/6.8.3-0-202503201308qttranslations-Windows-Windows_10_22H2-Mingw-Windows-Windows_10_22H2-X86_64.7z
2026-10-01 11:55:18,078 - aqt.helper - INFO - helper 139770873186176 Redirected: qt.mirror.constant.com
2026-10-01 11:55:29,962 - aqt.installer - INFO - installer 139770873186176 Finished installation of qttranslations-Windows-Windows_10_22H2-Mingw-Windows-Windows_10_22H2-X86_64.7z in 20.04446027
2026-10-01 11:55:29,997 - aqt.helper - DEBUG - helper 139770873186176 Attempt to download checksum at https://download.qt.io/online/qtsdkrepository/windows_x86/desktop/qt6_683/qt6_683/qt.qt6.683.win64_mingw/6.8.3-0-202503201308MinGW-w64-x86_64-13.1.0-release-posix-seh-msvcrt-rt_v11-rev1-runtime.7z.sha256
2026-10-01 11:55:31,430 - aqt.helper - INFO - helper 139770873186176 Downloading MinGW...
2026-10-01 11:55:31,430 - aqt.installer - DEBUG - installer 139770873186176 Download URL: https://download.qt.io/online/qtsdkrepository/windows_x86/desktop/qt6_683/qt6_683/qt.qt6.683.win64_mingw/6.8.3-0-202503201308MinGW-w64-x86_64-13.1.0-release-posix-seh-msvcrt-rt_v11-rev1-runtime.7z
2026-10-01 11:55:32,764 - aqt.helper - DEBUG - helper 139770873186176 Asked to redirect(302) to: https://qt.mirror.constant.com/online/qtsdkrepository/windows_x86/desktop/qt6_683/qt6_683/qt.qt6.683.win64_mingw/6.8.3-0-202503201308MinGW-w64-x86_64-13.1.0-release-posix-seh-msvcrt-rt_v11-rev1-runtime.7z
2026-10-01 11:55:32,765 - aqt.helper - INFO - helper 139770873186176 Redirected: qt.mirror.constant.com
2026-10-01 11:55:34,830 - aqt.installer - INFO - installer 139770873186176 Finished installation of MinGW-w64-x86_64-13.1.0-release-posix-seh-msvcrt-rt_v11-rev1-runtime.7z in 4.83796314
2026-10-01 11:55:34,864 - aqt.helper - DEBUG - helper 139770873186176 Attempt to download checksum at https://download.qt.io/online/qtsdkrepository/windows_x86/desktop/qt6_683/qt6_683/qt.qt6.683.win64_mingw/6.8.3-0-202503201308d3dcompiler_47-x64.7z.sha256
2026-10-01 11:55:35,363 - aqt.installer - INFO - installer 139829330655104 Finished installation of qttools-Windows-Windows_10_22H2-Mingw-Windows-Windows_10_22H2-X86_64.7z in 27.55176976
2026-10-01 11:55:35,398 - aqt.helper - DEBUG - helper 139829330655104 Attempt to download checksum at https://download.qt.io/online/qtsdkrepository/windows_x86/desktop/qt6_683/qt6_683/qt.qt6.683.win64_mingw/6.8.3-0-202503201308opengl32sw-64-mesa_11_2_2-signed_sha256.7z.sha256
2026-10-01 11:55:35,546 - aqt.helper - INFO - helper 139770873186176 Downloading d3dcompiler_47...
2026-10-01 11:55:35,547 - aqt.installer - DEBUG - installer 139770873186176 Download URL: https://download.qt.io/online/qtsdkrepository/windows_x86/desktop/qt6_683/qt6_683/qt.qt6.683.win64_mingw/6.8.3-0-202503201308d3dcompiler_47-x64.7z
2026-10-01 11:55:36,193 - aqt.helper - INFO - helper 139829330655104 Downloading opengl32sw...
2026-10-01 11:55:36,194 - aqt.installer - DEBUG - installer 139829330655104 Download URL: https://download.qt.io/online/qtsdkrepository/windows_x86/desktop/qt6_683/qt6_683/qt.qt6.683.win64_mingw/6.8.3-0-202503201308opengl32sw-64-mesa_11_2_2-signed_sha256.7z
2026-10-01 11:55:36,214 - aqt.helper - DEBUG - helper 139770873186176 Asked to redirect(302) to: https://qt.mirror.constant.com/online/qtsdkrepository/windows_x86/desktop/qt6_683/qt6_683/qt.qt6.683.win64_mingw/6.8.3-0-202503201308d3dcompiler_47-x64.7z
2026-10-01 11:55:36,214 - aqt.helper - INFO - helper 139770873186176 Redirected: qt.mirror.constant.com
2026-10-01 11:55:38,215 - aqt.helper - DEBUG - helper 139829330655104 Asked to redirect(302) to: https://qt.mirror.constant.com/online/qtsdkrepository/windows_x86/desktop/qt6_683/qt6_683/qt.qt6.683.win64_mingw/6.8.3-0-202503201308opengl32sw-64-mesa_11_2_2-signed_sha256.7z
2026-10-01 11:55:38,215 - aqt.helper - INFO - helper 139829330655104 Redirected: qt.mirror.constant.com
2026-10-01 11:55:38,282 - aqt.installer - INFO - installer 139770873186176 Finished installation of d3dcompiler_47-x64.7z in 3.42311250
2026-10-01 11:55:42,187 - aqt.installer - INFO - installer 139829330655104 Finished installation of opengl32sw-64-mesa_11_2_2-signed_sha256.7z in 6.79467938
2026-10-01 11:55:46,265 - aqt.installer - INFO - installer 140600698288000 Finished installation of qtbase-Windows-Windows_10_22H2-Mingw-Windows-Windows_10_22H2-X86_64.7z in 38.50433227
2026-10-01 11:56:20,302 - aqt.installer - INFO - installer 140266757973888 Finished installation of qtdeclarative-Windows-Windows_10_22H2-Mingw-Windows-Windows_10_22H2-X86_64.7z in 72.50282863
2026-10-01 11:56:20,572 - aqt.updater - INFO - updater 140516126467968 Patching /home/landy/Qt/6.8.3/mingw_64/lib/pkgconfig/Qt6Svg.pc
2026-10-01 11:56:20,573 - aqt.updater - INFO - updater 140516126467968 Patching /home/landy/Qt/6.8.3/mingw_64/lib/pkgconfig/Qt6SvgWidgets.pc
2026-10-01 11:56:20,573 - aqt.updater - INFO - updater 140516126467968 Patching /home/landy/Qt/6.8.3/mingw_64/lib/pkgconfig/Qt6Designer.pc
2026-10-01 11:56:20,574 - aqt.updater - INFO - updater 140516126467968 Patching /home/landy/Qt/6.8.3/mingw_64/lib/pkgconfig/Qt6Help.pc
2026-10-01 11:56:20,575 - aqt.updater - INFO - updater 140516126467968 Patching /home/landy/Qt/6.8.3/mingw_64/lib/pkgconfig/Qt6Linguist.pc
2026-10-01 11:56:20,576 - aqt.updater - INFO - updater 140516126467968 Patching /home/landy/Qt/6.8.3/mingw_64/lib/pkgconfig/Qt6UiPlugin.pc
2026-10-01 11:56:20,577 - aqt.updater - INFO - updater 140516126467968 Patching /home/landy/Qt/6.8.3/mingw_64/lib/pkgconfig/Qt6UiTools.pc
2026-10-01 11:56:20,577 - aqt.updater - INFO - updater 140516126467968 Patching /home/landy/Qt/6.8.3/mingw_64/lib/pkgconfig/Qt6Concurrent.pc
2026-10-01 11:56:20,578 - aqt.updater - INFO - updater 140516126467968 Patching /home/landy/Qt/6.8.3/mingw_64/lib/pkgconfig/Qt6Core.pc
2026-10-01 11:56:20,579 - aqt.updater - INFO - updater 140516126467968 Patching /home/landy/Qt/6.8.3/mingw_64/lib/pkgconfig/Qt6DBus.pc
2026-10-01 11:56:20,579 - aqt.updater - INFO - updater 140516126467968 Patching /home/landy/Qt/6.8.3/mingw_64/lib/pkgconfig/Qt6Gui.pc
2026-10-01 11:56:20,580 - aqt.updater - INFO - updater 140516126467968 Patching /home/landy/Qt/6.8.3/mingw_64/lib/pkgconfig/Qt6Network.pc
2026-10-01 11:56:20,581 - aqt.updater - INFO - updater 140516126467968 Patching /home/landy/Qt/6.8.3/mingw_64/lib/pkgconfig/Qt6OpenGL.pc
2026-10-01 11:56:20,581 - aqt.updater - INFO - updater 140516126467968 Patching /home/landy/Qt/6.8.3/mingw_64/lib/pkgconfig/Qt6OpenGLWidgets.pc
2026-10-01 11:56:20,582 - aqt.updater - INFO - updater 140516126467968 Patching /home/landy/Qt/6.8.3/mingw_64/lib/pkgconfig/Qt6Platform.pc
2026-10-01 11:56:20,583 - aqt.updater - INFO - updater 140516126467968 Patching /home/landy/Qt/6.8.3/mingw_64/lib/pkgconfig/Qt6PrintSupport.pc
2026-10-01 11:56:20,583 - aqt.updater - INFO - updater 140516126467968 Patching /home/landy/Qt/6.8.3/mingw_64/lib/pkgconfig/Qt6Sql.pc
2026-10-01 11:56:20,584 - aqt.updater - INFO - updater 140516126467968 Patching /home/landy/Qt/6.8.3/mingw_64/lib/pkgconfig/Qt6Test.pc
2026-10-01 11:56:20,584 - aqt.updater - INFO - updater 140516126467968 Patching /home/landy/Qt/6.8.3/mingw_64/lib/pkgconfig/Qt6Widgets.pc
2026-10-01 11:56:20,585 - aqt.updater - INFO - updater 140516126467968 Patching /home/landy/Qt/6.8.3/mingw_64/lib/pkgconfig/Qt6Xml.pc
2026-10-01 11:56:20,586 - aqt.updater - INFO - updater 140516126467968 Patching /home/landy/Qt/6.8.3/mingw_64/lib/pkgconfig/Qt6LabsAnimation.pc
2026-10-01 11:56:20,586 - aqt.updater - INFO - updater 140516126467968 Patching /home/landy/Qt/6.8.3/mingw_64/lib/pkgconfig/Qt6LabsFolderListModel.pc
2026-10-01 11:56:20,587 - aqt.updater - INFO - updater 140516126467968 Patching /home/landy/Qt/6.8.3/mingw_64/lib/pkgconfig/Qt6LabsPlatform.pc
2026-10-01 11:56:20,587 - aqt.updater - INFO - updater 140516126467968 Patching /home/landy/Qt/6.8.3/mingw_64/lib/pkgconfig/Qt6LabsQmlModels.pc
2026-10-01 11:56:20,588 - aqt.updater - INFO - updater 140516126467968 Patching /home/landy/Qt/6.8.3/mingw_64/lib/pkgconfig/Qt6LabsSettings.pc
2026-10-01 11:56:20,588 - aqt.updater - INFO - updater 140516126467968 Patching /home/landy/Qt/6.8.3/mingw_64/lib/pkgconfig/Qt6LabsSharedImage.pc
2026-10-01 11:56:20,589 - aqt.updater - INFO - updater 140516126467968 Patching /home/landy/Qt/6.8.3/mingw_64/lib/pkgconfig/Qt6LabsWavefrontMesh.pc
2026-10-01 11:56:20,589 - aqt.updater - INFO - updater 140516126467968 Patching /home/landy/Qt/6.8.3/mingw_64/lib/pkgconfig/Qt6Qml.pc
2026-10-01 11:56:20,590 - aqt.updater - INFO - updater 140516126467968 Patching /home/landy/Qt/6.8.3/mingw_64/lib/pkgconfig/Qt6QmlAssetDownloader.pc
2026-10-01 11:56:20,590 - aqt.updater - INFO - updater 140516126467968 Patching /home/landy/Qt/6.8.3/mingw_64/lib/pkgconfig/Qt6QmlCompiler.pc
2026-10-01 11:56:20,591 - aqt.updater - INFO - updater 140516126467968 Patching /home/landy/Qt/6.8.3/mingw_64/lib/pkgconfig/Qt6QmlCore.pc
2026-10-01 11:56:20,592 - aqt.updater - INFO - updater 140516126467968 Patching /home/landy/Qt/6.8.3/mingw_64/lib/pkgconfig/Qt6QmlIntegration.pc
2026-10-01 11:56:20,592 - aqt.updater - INFO - updater 140516126467968 Patching /home/landy/Qt/6.8.3/mingw_64/lib/pkgconfig/Qt6QmlLocalStorage.pc
2026-10-01 11:56:20,593 - aqt.updater - INFO - updater 140516126467968 Patching /home/landy/Qt/6.8.3/mingw_64/lib/pkgconfig/Qt6QmlMeta.pc
2026-10-01 11:56:20,594 - aqt.updater - INFO - updater 140516126467968 Patching /home/landy/Qt/6.8.3/mingw_64/lib/pkgconfig/Qt6QmlModels.pc
2026-10-01 11:56:20,595 - aqt.updater - INFO - updater 140516126467968 Patching /home/landy/Qt/6.8.3/mingw_64/lib/pkgconfig/Qt6QmlNetwork.pc
2026-10-01 11:56:20,596 - aqt.updater - INFO - updater 140516126467968 Patching /home/landy/Qt/6.8.3/mingw_64/lib/pkgconfig/Qt6QmlWorkerScript.pc
2026-10-01 11:56:20,597 - aqt.updater - INFO - updater 140516126467968 Patching /home/landy/Qt/6.8.3/mingw_64/lib/pkgconfig/Qt6QmlXmlListModel.pc
2026-10-01 11:56:20,597 - aqt.updater - INFO - updater 140516126467968 Patching /home/landy/Qt/6.8.3/mingw_64/lib/pkgconfig/Qt6Quick.pc
2026-10-01 11:56:20,598 - aqt.updater - INFO - updater 140516126467968 Patching /home/landy/Qt/6.8.3/mingw_64/lib/pkgconfig/Qt6QuickControls2.pc
2026-10-01 11:56:20,598 - aqt.updater - INFO - updater 140516126467968 Patching /home/landy/Qt/6.8.3/mingw_64/lib/pkgconfig/Qt6QuickControls2Basic.pc
2026-10-01 11:56:20,599 - aqt.updater - INFO - updater 140516126467968 Patching /home/landy/Qt/6.8.3/mingw_64/lib/pkgconfig/Qt6QuickControls2BasicStyleImpl.pc
2026-10-01 11:56:20,600 - aqt.updater - INFO - updater 140516126467968 Patching /home/landy/Qt/6.8.3/mingw_64/lib/pkgconfig/Qt6QuickControls2FluentWinUI3StyleImpl.pc
2026-10-01 11:56:20,600 - aqt.updater - INFO - updater 140516126467968 Patching /home/landy/Qt/6.8.3/mingw_64/lib/pkgconfig/Qt6QuickControls2Fusion.pc
2026-10-01 11:56:20,601 - aqt.updater - INFO - updater 140516126467968 Patching /home/landy/Qt/6.8.3/mingw_64/lib/pkgconfig/Qt6QuickControls2FusionStyleImpl.pc
2026-10-01 11:56:20,602 - aqt.updater - INFO - updater 140516126467968 Patching /home/landy/Qt/6.8.3/mingw_64/lib/pkgconfig/Qt6QuickControls2Imagine.pc
2026-10-01 11:56:20,603 - aqt.updater - INFO - updater 140516126467968 Patching /home/landy/Qt/6.8.3/mingw_64/lib/pkgconfig/Qt6QuickControls2ImagineStyleImpl.pc
2026-10-01 11:56:20,604 - aqt.updater - INFO - updater 140516126467968 Patching /home/landy/Qt/6.8.3/mingw_64/lib/pkgconfig/Qt6QuickControls2Impl.pc
2026-10-01 11:56:20,604 - aqt.updater - INFO - updater 140516126467968 Patching /home/landy/Qt/6.8.3/mingw_64/lib/pkgconfig/Qt6QuickControls2Material.pc
2026-10-01 11:56:20,605 - aqt.updater - INFO - updater 140516126467968 Patching /home/landy/Qt/6.8.3/mingw_64/lib/pkgconfig/Qt6QuickControls2MaterialStyleImpl.pc
2026-10-01 11:56:20,605 - aqt.updater - INFO - updater 140516126467968 Patching /home/landy/Qt/6.8.3/mingw_64/lib/pkgconfig/Qt6QuickControls2Universal.pc
2026-10-01 11:56:20,606 - aqt.updater - INFO - updater 140516126467968 Patching /home/landy/Qt/6.8.3/mingw_64/lib/pkgconfig/Qt6QuickControls2UniversalStyleImpl.pc
2026-10-01 11:56:20,606 - aqt.updater - INFO - updater 140516126467968 Patching /home/landy/Qt/6.8.3/mingw_64/lib/pkgconfig/Qt6QuickControls2WindowsStyleImpl.pc
2026-10-01 11:56:20,607 - aqt.updater - INFO - updater 140516126467968 Patching /home/landy/Qt/6.8.3/mingw_64/lib/pkgconfig/Qt6QuickDialogs2.pc
2026-10-01 11:56:20,608 - aqt.updater - INFO - updater 140516126467968 Patching /home/landy/Qt/6.8.3/mingw_64/lib/pkgconfig/Qt6QuickDialogs2QuickImpl.pc
2026-10-01 11:56:20,608 - aqt.updater - INFO - updater 140516126467968 Patching /home/landy/Qt/6.8.3/mingw_64/lib/pkgconfig/Qt6QuickDialogs2Utils.pc
2026-10-01 11:56:20,608 - aqt.updater - INFO - updater 140516126467968 Patching /home/landy/Qt/6.8.3/mingw_64/lib/pkgconfig/Qt6QuickLayouts.pc
2026-10-01 11:56:20,609 - aqt.updater - INFO - updater 140516126467968 Patching /home/landy/Qt/6.8.3/mingw_64/lib/pkgconfig/Qt6QuickTemplates2.pc
2026-10-01 11:56:20,610 - aqt.updater - INFO - updater 140516126467968 Patching /home/landy/Qt/6.8.3/mingw_64/lib/pkgconfig/Qt6QuickTest.pc
2026-10-01 11:56:20,610 - aqt.updater - INFO - updater 140516126467968 Patching /home/landy/Qt/6.8.3/mingw_64/lib/pkgconfig/Qt6QuickVectorImage.pc
2026-10-01 11:56:20,611 - aqt.updater - INFO - updater 140516126467968 Patching /home/landy/Qt/6.8.3/mingw_64/lib/pkgconfig/Qt6QuickWidgets.pc
2026-10-01 11:56:20,612 - aqt.updater - INFO - updater 140516126467968 Patching /home/landy/Qt/6.8.3/mingw_64/lib/Qt6Svg.prl
2026-10-01 11:56:20,613 - aqt.updater - INFO - updater 140516126467968 Patching /home/landy/Qt/6.8.3/mingw_64/lib/Qt6SvgWidgets.prl
2026-10-01 11:56:20,614 - aqt.updater - INFO - updater 140516126467968 Patching /home/landy/Qt/6.8.3/mingw_64/lib/Qt6Designer.prl
2026-10-01 11:56:20,615 - aqt.updater - INFO - updater 140516126467968 Patching /home/landy/Qt/6.8.3/mingw_64/lib/Qt6DesignerComponents.prl
2026-10-01 11:56:20,616 - aqt.updater - INFO - updater 140516126467968 Patching /home/landy/Qt/6.8.3/mingw_64/lib/Qt6Help.prl
2026-10-01 11:56:20,618 - aqt.updater - INFO - updater 140516126467968 Patching /home/landy/Qt/6.8.3/mingw_64/lib/Qt6UiTools.prl
2026-10-01 11:56:20,619 - aqt.updater - INFO - updater 140516126467968 Patching /home/landy/Qt/6.8.3/mingw_64/lib/Qt6Concurrent.prl
2026-10-01 11:56:20,620 - aqt.updater - INFO - updater 140516126467968 Patching /home/landy/Qt/6.8.3/mingw_64/lib/Qt6Core.prl
2026-10-01 11:56:20,621 - aqt.updater - INFO - updater 140516126467968 Patching /home/landy/Qt/6.8.3/mingw_64/lib/Qt6DBus.prl
2026-10-01 11:56:20,621 - aqt.updater - INFO - updater 140516126467968 Patching /home/landy/Qt/6.8.3/mingw_64/lib/Qt6DeviceDiscoverySupport.prl
2026-10-01 11:56:20,622 - aqt.updater - INFO - updater 140516126467968 Patching /home/landy/Qt/6.8.3/mingw_64/lib/Qt6EntryPoint.prl
2026-10-01 11:56:20,622 - aqt.updater - INFO - updater 140516126467968 Patching /home/landy/Qt/6.8.3/mingw_64/lib/Qt6ExampleIcons.prl
2026-10-01 11:56:20,623 - aqt.updater - INFO - updater 140516126467968 Patching /home/landy/Qt/6.8.3/mingw_64/lib/Qt6ExamplesAssetDownloader.prl
2026-10-01 11:56:20,625 - aqt.updater - INFO - updater 140516126467968 Patching /home/landy/Qt/6.8.3/mingw_64/lib/Qt6FbSupport.prl
2026-10-01 11:56:20,625 - aqt.updater - INFO - updater 140516126467968 Patching /home/landy/Qt/6.8.3/mingw_64/lib/Qt6Gui.prl
2026-10-01 11:56:20,626 - aqt.updater - INFO - updater 140516126467968 Patching /home/landy/Qt/6.8.3/mingw_64/lib/Qt6Network.prl
2026-10-01 11:56:20,626 - aqt.updater - INFO - updater 140516126467968 Patching /home/landy/Qt/6.8.3/mingw_64/lib/Qt6OpenGL.prl
2026-10-01 11:56:20,627 - aqt.updater - INFO - updater 140516126467968 Patching /home/landy/Qt/6.8.3/mingw_64/lib/Qt6OpenGLWidgets.prl
2026-10-01 11:56:20,627 - aqt.updater - INFO - updater 140516126467968 Patching /home/landy/Qt/6.8.3/mingw_64/lib/Qt6PrintSupport.prl
2026-10-01 11:56:20,628 - aqt.updater - INFO - updater 140516126467968 Patching /home/landy/Qt/6.8.3/mingw_64/lib/Qt6Sql.prl
2026-10-01 11:56:20,629 - aqt.updater - INFO - updater 140516126467968 Patching /home/landy/Qt/6.8.3/mingw_64/lib/Qt6Test.prl
2026-10-01 11:56:20,630 - aqt.updater - INFO - updater 140516126467968 Patching /home/landy/Qt/6.8.3/mingw_64/lib/Qt6Widgets.prl
2026-10-01 11:56:20,633 - aqt.updater - INFO - updater 140516126467968 Patching /home/landy/Qt/6.8.3/mingw_64/lib/Qt6Xml.prl
2026-10-01 11:56:20,633 - aqt.updater - INFO - updater 140516126467968 Patching /home/landy/Qt/6.8.3/mingw_64/lib/Qt6LabsAnimation.prl
2026-10-01 11:56:20,635 - aqt.updater - INFO - updater 140516126467968 Patching /home/landy/Qt/6.8.3/mingw_64/lib/Qt6LabsFolderListModel.prl
2026-10-01 11:56:20,636 - aqt.updater - INFO - updater 140516126467968 Patching /home/landy/Qt/6.8.3/mingw_64/lib/Qt6LabsPlatform.prl
2026-10-01 11:56:20,637 - aqt.updater - INFO - updater 140516126467968 Patching /home/landy/Qt/6.8.3/mingw_64/lib/Qt6LabsQmlModels.prl
2026-10-01 11:56:20,637 - aqt.updater - INFO - updater 140516126467968 Patching /home/landy/Qt/6.8.3/mingw_64/lib/Qt6LabsSettings.prl
2026-10-01 11:56:20,638 - aqt.updater - INFO - updater 140516126467968 Patching /home/landy/Qt/6.8.3/mingw_64/lib/Qt6LabsSharedImage.prl
2026-10-01 11:56:20,638 - aqt.updater - INFO - updater 140516126467968 Patching /home/landy/Qt/6.8.3/mingw_64/lib/Qt6LabsWavefrontMesh.prl
2026-10-01 11:56:20,640 - aqt.updater - INFO - updater 140516126467968 Patching /home/landy/Qt/6.8.3/mingw_64/lib/Qt6PacketProtocol.prl
2026-10-01 11:56:20,641 - aqt.updater - INFO - updater 140516126467968 Patching /home/landy/Qt/6.8.3/mingw_64/lib/Qt6Qml.prl
2026-10-01 11:56:20,641 - aqt.updater - INFO - updater 140516126467968 Patching /home/landy/Qt/6.8.3/mingw_64/lib/Qt6QmlAssetDownloader.prl
2026-10-01 11:56:20,642 - aqt.updater - INFO - updater 140516126467968 Patching /home/landy/Qt/6.8.3/mingw_64/lib/Qt6QmlCompiler.prl
2026-10-01 11:56:20,643 - aqt.updater - INFO - updater 140516126467968 Patching /home/landy/Qt/6.8.3/mingw_64/lib/Qt6QmlCore.prl
2026-10-01 11:56:20,643 - aqt.updater - INFO - updater 140516126467968 Patching /home/landy/Qt/6.8.3/mingw_64/lib/Qt6QmlDebug.prl
2026-10-01 11:56:20,644 - aqt.updater - INFO - updater 140516126467968 Patching /home/landy/Qt/6.8.3/mingw_64/lib/Qt6QmlDom.prl
2026-10-01 11:56:20,646 - aqt.updater - INFO - updater 140516126467968 Patching /home/landy/Qt/6.8.3/mingw_64/lib/Qt6QmlLS.prl
2026-10-01 11:56:20,648 - aqt.updater - INFO - updater 140516126467968 Patching /home/landy/Qt/6.8.3/mingw_64/lib/Qt6QmlLocalStorage.prl
2026-10-01 11:56:20,649 - aqt.updater - INFO - updater 140516126467968 Patching /home/landy/Qt/6.8.3/mingw_64/lib/Qt6QmlMeta.prl
2026-10-01 11:56:20,650 - aqt.updater - INFO - updater 140516126467968 Patching /home/landy/Qt/6.8.3/mingw_64/lib/Qt6QmlModels.prl
2026-10-01 11:56:20,651 - aqt.updater - INFO - updater 140516126467968 Patching /home/landy/Qt/6.8.3/mingw_64/lib/Qt6QmlNetwork.prl
2026-10-01 11:56:20,652 - aqt.updater - INFO - updater 140516126467968 Patching /home/landy/Qt/6.8.3/mingw_64/lib/Qt6QmlToolingSettings.prl
2026-10-01 11:56:20,652 - aqt.updater - INFO - updater 140516126467968 Patching /home/landy/Qt/6.8.3/mingw_64/lib/Qt6QmlTypeRegistrar.prl
2026-10-01 11:56:20,654 - aqt.updater - INFO - updater 140516126467968 Patching /home/landy/Qt/6.8.3/mingw_64/lib/Qt6QmlWorkerScript.prl
2026-10-01 11:56:20,655 - aqt.updater - INFO - updater 140516126467968 Patching /home/landy/Qt/6.8.3/mingw_64/lib/Qt6QmlXmlListModel.prl
2026-10-01 11:56:20,656 - aqt.updater - INFO - updater 140516126467968 Patching /home/landy/Qt/6.8.3/mingw_64/lib/Qt6Quick.prl
2026-10-01 11:56:20,657 - aqt.updater - INFO - updater 140516126467968 Patching /home/landy/Qt/6.8.3/mingw_64/lib/Qt6QuickControls2.prl
2026-10-01 11:56:20,658 - aqt.updater - INFO - updater 140516126467968 Patching /home/landy/Qt/6.8.3/mingw_64/lib/Qt6QuickControls2Basic.prl
2026-10-01 11:56:20,658 - aqt.updater - INFO - updater 140516126467968 Patching /home/landy/Qt/6.8.3/mingw_64/lib/Qt6QuickControls2BasicStyleImpl.prl
2026-10-01 11:56:20,659 - aqt.updater - INFO - updater 140516126467968 Patching /home/landy/Qt/6.8.3/mingw_64/lib/Qt6QuickControls2FluentWinUI3StyleImpl.prl
2026-10-01 11:56:20,660 - aqt.updater - INFO - updater 140516126467968 Patching /home/landy/Qt/6.8.3/mingw_64/lib/Qt6QuickControls2Fusion.prl
2026-10-01 11:56:20,660 - aqt.updater - INFO - updater 140516126467968 Patching /home/landy/Qt/6.8.3/mingw_64/lib/Qt6QuickControls2FusionStyleImpl.prl
2026-10-01 11:56:20,662 - aqt.updater - INFO - updater 140516126467968 Patching /home/landy/Qt/6.8.3/mingw_64/lib/Qt6QuickControls2Imagine.prl
2026-10-01 11:56:20,663 - aqt.updater - INFO - updater 140516126467968 Patching /home/landy/Qt/6.8.3/mingw_64/lib/Qt6QuickControls2ImagineStyleImpl.prl
2026-10-01 11:56:20,665 - aqt.updater - INFO - updater 140516126467968 Patching /home/landy/Qt/6.8.3/mingw_64/lib/Qt6QuickControls2Impl.prl
2026-10-01 11:56:20,667 - aqt.updater - INFO - updater 140516126467968 Patching /home/landy/Qt/6.8.3/mingw_64/lib/Qt6QuickControls2Material.prl
2026-10-01 11:56:20,670 - aqt.updater - INFO - updater 140516126467968 Patching /home/landy/Qt/6.8.3/mingw_64/lib/Qt6QuickControls2MaterialStyleImpl.prl
2026-10-01 11:56:20,670 - aqt.updater - INFO - updater 140516126467968 Patching /home/landy/Qt/6.8.3/mingw_64/lib/Qt6QuickControls2Universal.prl
2026-10-01 11:56:20,671 - aqt.updater - INFO - updater 140516126467968 Patching /home/landy/Qt/6.8.3/mingw_64/lib/Qt6QuickControls2UniversalStyleImpl.prl
2026-10-01 11:56:20,672 - aqt.updater - INFO - updater 140516126467968 Patching /home/landy/Qt/6.8.3/mingw_64/lib/Qt6QuickControls2WindowsStyleImpl.prl
2026-10-01 11:56:20,673 - aqt.updater - INFO - updater 140516126467968 Patching /home/landy/Qt/6.8.3/mingw_64/lib/Qt6QuickControlsTestUtils.prl
2026-10-01 11:56:20,673 - aqt.updater - INFO - updater 140516126467968 Patching /home/landy/Qt/6.8.3/mingw_64/lib/Qt6QuickDialogs2.prl
2026-10-01 11:56:20,674 - aqt.updater - INFO - updater 140516126467968 Patching /home/landy/Qt/6.8.3/mingw_64/lib/Qt6QuickDialogs2QuickImpl.prl
2026-10-01 11:56:20,675 - aqt.updater - INFO - updater 140516126467968 Patching /home/landy/Qt/6.8.3/mingw_64/lib/Qt6QuickDialogs2Utils.prl
2026-10-01 11:56:20,675 - aqt.updater - INFO - updater 140516126467968 Patching /home/landy/Qt/6.8.3/mingw_64/lib/Qt6QuickEffects.prl
2026-10-01 11:56:20,676 - aqt.updater - INFO - updater 140516126467968 Patching /home/landy/Qt/6.8.3/mingw_64/lib/Qt6QuickLayouts.prl
2026-10-01 11:56:20,677 - aqt.updater - INFO - updater 140516126467968 Patching /home/landy/Qt/6.8.3/mingw_64/lib/Qt6QuickParticles.prl
2026-10-01 11:56:20,677 - aqt.updater - INFO - updater 140516126467968 Patching /home/landy/Qt/6.8.3/mingw_64/lib/Qt6QuickShapes.prl
2026-10-01 11:56:20,678 - aqt.updater - INFO - updater 140516126467968 Patching /home/landy/Qt/6.8.3/mingw_64/lib/Qt6QuickTemplates2.prl
2026-10-01 11:56:20,682 - aqt.updater - INFO - updater 140516126467968 Patching /home/landy/Qt/6.8.3/mingw_64/lib/Qt6QuickTest.prl
2026-10-01 11:56:20,684 - aqt.updater - INFO - updater 140516126467968 Patching /home/landy/Qt/6.8.3/mingw_64/lib/Qt6QuickTestUtils.prl
2026-10-01 11:56:20,686 - aqt.updater - INFO - updater 140516126467968 Patching /home/landy/Qt/6.8.3/mingw_64/lib/Qt6QuickVectorImage.prl
2026-10-01 11:56:20,688 - aqt.updater - INFO - updater 140516126467968 Patching /home/landy/Qt/6.8.3/mingw_64/lib/Qt6QuickVectorImageGenerator.prl
2026-10-01 11:56:20,689 - aqt.updater - INFO - updater 140516126467968 Patching /home/landy/Qt/6.8.3/mingw_64/lib/Qt6QuickWidgets.prl
2026-10-01 11:56:20,689 - aqt.main - INFO - installer 140516126467968 Finished installation
2026-10-01 11:56:20,690 - aqt.main - INFO - installer 140516126467968 Time elapsed: 82.93626211 second
